<html>
<body>
<pre>
<h1>µVision Build Log</h1>
<h2>Tool Versions:</h2>
IDE-Version: µVision V5.37.0.0
Copyright (C) 2022 ARM Ltd and ARM Germany GmbH. All rights reserved.
License Information: Robin Thomas, Self, LIC=----
 
Tool Versions:
Toolchain:       MDK-Lite  Version: 5.37.0.0
Toolchain Path:  C:\Keil_v5\ARM_Compiler_5\Bin
C Compiler:      Armcc.exe V5.03 [Build 24]
Assembler:       Armasm.exe V5.03.0.24 [Evaluation]
Linker/Locator:  ArmLink.exe V5.03.0.24 [Evaluation]
Library Manager: ArmAr.exe V5.03.0.24 [Evaluation]
Hex Converter:   FromElf.exe V5.03.0.24 [Evaluation]
CPU DLL:         SARMCM3.DLL V5.37.0.0
Dialog DLL:      DCM.DLL V1.17.5.0
Target DLL:      STLink\ST-LINKIII-KEIL_SWO.dll V3.0.9.0
Dialog DLL:      TCM.DLL V1.56.1.0
 
<h2>Project:</h2>
E:\Keil_Projects\LED_Test\LED_main_app.uvprojx
Project File Date:  03/02/2023

<h2>Output:</h2>
*** Using Compiler 'V5.03 [Build 24]', folder: 'C:\Keil_v5\ARM_Compiler_5\Bin'
Build target 'STM32F401RE'
compiling Led_Driver.cpp...
C:\Users\USER\AppData\Local\Arm\Packs\ARM\CMSIS\5.9.0\CMSIS\Core\Include\core_cm4.h(446): warning:  #368-D: class "<unnamed>" defines no constructor to initialize the following:
            const member "<unnamed>::CPUID"
            const member "<unnamed>::PFR"
            const member "<unnamed>::DFR"
            const member "<unnamed>::ADR"
            const member "<unnamed>::MMFR"
            const member "<unnamed>::ISAR"
  {
  ^
C:\Users\USER\AppData\Local\Arm\Packs\ARM\CMSIS\5.9.0\CMSIS\Core\Include\core_cm4.h(725): warning:  #368-D: class "<unnamed>" defines no constructor to initialize the following:
            const member "<unnamed>::ICTR"
  {
  ^
C:\Users\USER\AppData\Local\Arm\Packs\ARM\CMSIS\5.9.0\CMSIS\Core\Include\core_cm4.h(765): warning:  #368-D: class "<unnamed>" defines no constructor to initialize the following:
            const member "<unnamed>::CALIB"
  {
  ^
C:\Users\USER\AppData\Local\Arm\Packs\ARM\CMSIS\5.9.0\CMSIS\Core\Include\core_cm4.h(817): warning:  #368-D: class "<unnamed>" defines no constructor to initialize the following:
            const member "<unnamed>::LSR"
            const member "<unnamed>::PID4"
            const member "<unnamed>::PID5"
            const member "<unnamed>::PID6"
            const member "<unnamed>::PID7"
            const member "<unnamed>::PID0"
            const member "<unnamed>::PID1"
            const member "<unnamed>::PID2"
            const member "<unnamed>::PID3"
            const member "<unnamed>::CID0"
            const member "<unnamed>::CID1"
            const member "<unnamed>::CID2"
            const member "<unnamed>::CID3"
  {
  ^
C:\Users\USER\AppData\Local\Arm\Packs\ARM\CMSIS\5.9.0\CMSIS\Core\Include\core_cm4.h(905): warning:  #368-D: class "<unnamed>" defines no constructor to initialize the following:
            const member "<unnamed>::PCSR"
  {
  ^
C:\Users\USER\AppData\Local\Arm\Packs\ARM\CMSIS\5.9.0\CMSIS\Core\Include\core_cm4.h(1052): warning:  #368-D: class "<unnamed>" defines no constructor to initialize the following:
            const member "<unnamed>::SSPSR"
            const member "<unnamed>::FFSR"
            const member "<unnamed>::FSCR"
            const member "<unnamed>::TRIGGER"
            const member "<unnamed>::FIFO0"
            const member "<unnamed>::ITATBCTR2"
            const member "<unnamed>::ITATBCTR0"
            const member "<unnamed>::FIFO1"
            const member "<unnamed>::DEVID"
            const member "<unnamed>::DEVTYPE"
  {
  ^
C:\Users\USER\AppData\Local\Arm\Packs\ARM\CMSIS\5.9.0\CMSIS\Core\Include\core_cm4.h(1214): warning:  #368-D: class "<unnamed>" defines no constructor to initialize the following:
            const member "<unnamed>::TYPE"
  {
  ^
C:\Users\USER\AppData\Local\Arm\Packs\ARM\CMSIS\5.9.0\CMSIS\Core\Include\core_cm4.h(1310): warning:  #368-D: class "<unnamed>" defines no constructor to initialize the following:
            const member "<unnamed>::MVFR0"
            const member "<unnamed>::MVFR1"
            const member "<unnamed>::MVFR2"
  {
  ^
C:\Users\USER\AppData\Local\Arm\Packs\Keil\STM32F4xx_DFP\2.17.0\Drivers\CMSIS\Device\ST\STM32F4xx\Include\stm32f401xe.h(424): warning:  #368-D: class "<unnamed>" defines no constructor to initialize the following:
            const member "<unnamed>::RESPCMD"
            const member "<unnamed>::RESP1"
            const member "<unnamed>::RESP2"
            const member "<unnamed>::RESP3"
            const member "<unnamed>::RESP4"
            const member "<unnamed>::DCOUNT"
            const member "<unnamed>::STA"
            const member "<unnamed>::FIFOCNT"
  {
  ^
pinconfig.h(21): warning:  #1-D: last line of file ends without a newline
  #endif
Led.h(25): warning:  #1-D: last line of file ends without a newline
  #endif
Led_Driver.cpp: 11 warnings, 0 errors
linking...
Program Size: Code=1828 RO-data=444 RW-data=20 ZI-data=1716  
FromELF: creating hex file...
".\Objects\LED_main_app.axf" - 0 Error(s), 11 Warning(s).

<h2>Software Packages used:</h2>

Package Vendor: ARM
                http://www.keil.com/pack/ARM.CMSIS.5.9.0.pack
                ARM.CMSIS.5.9.0
                CMSIS (Common Microcontroller Software Interface Standard)
   * Component: CORE Version: 5.6.0

Package Vendor: Keil
                https://www.keil.com/pack/Keil.STM32F4xx_DFP.2.17.0.pack
                Keil.STM32F4xx_DFP.2.17.0
                STMicroelectronics STM32F4 Series Device Support, Drivers and Examples
   * Component: STM32Cube Framework Version: 1.0.0
   * Component: Classic Version: 1.8.1
   * Component: Common Version: 1.8.1
   * Component: Cortex Version: 1.8.1
   * Component: DMA Version: 1.8.1
   * Component: GPIO Version: 1.8.1
   * Component: PWR Version: 1.8.1
   * Component: RCC Version: 1.8.1
   * Component: TIM Version: 1.8.1
   * Component: Startup Version: 2.6.3

<h2>Collection of Component include folders:</h2>
  ./RTE/Device/STM32F401RETx
  ./RTE/_STM32F401RE
  C:/Users/USER/AppData/Local/Arm/Packs/ARM/CMSIS/5.9.0/CMSIS/Core/Include
  C:/Users/USER/AppData/Local/Arm/Packs/Keil/STM32F4xx_DFP/2.17.0/Drivers/CMSIS/Device/ST/STM32F4xx/Include
  C:/Users/USER/AppData/Local/Arm/Packs/Keil/STM32F4xx_DFP/2.17.0/Drivers/STM32F4xx_HAL_Driver/Inc

<h2>Collection of Component Files used:</h2>

   * Component: ::Device:STM32Cube Framework:1.0.0 (API)

   * Component: ARM::CMSIS:CORE:5.6.0

   * Component: Keil::Device:STM32Cube Framework:Classic:1.8.1
      Source file:   MDK/Templates/Src/stm32f4xx_hal_msp.c
      Include file:  MDK/Templates/Inc/main.h
      Include file:  MDK/Templates/Inc/stm32f4xx_hal_conf.h
      Source file:   MDK/Templates_LL/Src/main.c
      Include file:  MDK/Templates/Inc/stm32f4xx_it.h
      Source file:   MDK/Templates/Src/stm32f4xx_it.c
      Include file:  MDK/Templates_LL/Inc/main.h
      Include file:  CMSIS/Driver/Config/RTE_Device.h
      Source file:   MDK/Templates/Src/main.c

   * Component: Keil::Device:STM32Cube HAL:Common:1.8.1
      Include file:  Drivers/STM32F4xx_HAL_Driver/Inc/stm32f4xx_hal.h
      Source file:   Drivers/STM32F4xx_HAL_Driver/Src/stm32f4xx_hal.c

   * Component: Keil::Device:STM32Cube HAL:Cortex:1.8.1
      Source file:   Drivers/STM32F4xx_HAL_Driver/Src/stm32f4xx_hal_cortex.c

   * Component: Keil::Device:STM32Cube HAL:DMA:1.8.1
      Source file:   Drivers/STM32F4xx_HAL_Driver/Src/stm32f4xx_hal_dma_ex.c
      Source file:   Drivers/STM32F4xx_HAL_Driver/Src/stm32f4xx_hal_dma.c

   * Component: Keil::Device:STM32Cube HAL:GPIO:1.8.1
      Source file:   Drivers/STM32F4xx_HAL_Driver/Src/stm32f4xx_hal_gpio.c

   * Component: Keil::Device:STM32Cube HAL:PWR:1.8.1
      Source file:   Drivers/STM32F4xx_HAL_Driver/Src/stm32f4xx_hal_pwr.c
      Source file:   Drivers/STM32F4xx_HAL_Driver/Src/stm32f4xx_hal_pwr_ex.c

   * Component: Keil::Device:STM32Cube HAL:RCC:1.8.1
      Source file:   Drivers/STM32F4xx_HAL_Driver/Src/stm32f4xx_hal_rcc_ex.c
      Source file:   Drivers/STM32F4xx_HAL_Driver/Src/stm32f4xx_hal_rcc.c

   * Component: Keil::Device:STM32Cube HAL:TIM:1.8.1
      Source file:   Drivers/STM32F4xx_HAL_Driver/Src/stm32f4xx_hal_tim.c
      Source file:   Drivers/STM32F4xx_HAL_Driver/Src/stm32f4xx_hal_tim_ex.c

   * Component: Keil::Device:Startup:2.6.3
      Include file:  Drivers/CMSIS/Device/ST/STM32F4xx/Include/stm32f4xx.h
      Source file:   MDK/Device/Source/ARM/STM32F401xx_OPT.s
      Source file:   MDK/Device/Source/ARM/STM32F4xx_OTP.s
      Source file:   Drivers/CMSIS/Device/ST/STM32F4xx/Source/Templates/arm/startup_stm32f401xe.s
      Source file:   Drivers/CMSIS/Device/ST/STM32F4xx/Source/Templates/system_stm32f4xx.c
Build Time Elapsed:  00:00:03
</pre>
</body>
</html>
